// Jest Snapshot v1, https://goo.gl/fbAQLP

exports[`users component should render users component 1`] = `
Array [
  <button
    data-testid="custom-element"
    onClick={[Function]}
  >
    load
  </button>,
  <button
    data-testid="fail-button"
    onClick={[Function]}
  >
    fail button
  </button>,
]
`;
